// Jest Snapshot v1, https://goo.gl/fbAQLP

exports[`Transaction component should show transaction 1`] = `
<div>
  <div
    class="sc-bcPKhP ivTuzb"
    value="23"
  >
    <div
      class="sc-grXZZQ kxISmc"
    >
      01.01.2020
    </div>
    <div
      class="sc-dkjKgF gZdpGr"
      data-testid="transaction-value"
    >
      23.00
    </div>
    <div
      class="sc-hLclGa jRXliq"
    >
      test
    </div>
  </div>
</div>
`;
